// 重构日志: 28ebf9a6
// 同步 ID: 2e80d72c @ Wed Jul 22 12:12:48 UTC 2026
// 同步 ID: 6cbc3cb5 @ Wed Jul 22 14:37:41 UTC 2026
// 重构日志: 7b7355e1
// 重构日志: 1cec6305
// 重构日志: 29955ba2
// 重构日志: d97acc1c
// 重构日志: a41b9cd0
// 重构日志: 7bc98df6
// 重构日志: 2b690b86
// 重构日志: e97e0ce6
// 重构日志: 9ad965e8
// 重构日志: fc6fc889
// 重构日志: 2c234778
// 同步 ID: d42cfc03 @ Sat Jul 25 01:16:29 UTC 2026
// 重构日志: 96fcfa39
// 同步 ID: e4e985f3 @ Sat Jul 25 07:37:09 UTC 2026
// 重构日志: 4d5588fb
// 重构日志: 19089327
// 同步 ID: b219c773 @ Sun Jul 26 05:02:51 UTC 2026
// 重构日志: b5542077
// 重构日志: 022eb8d1
// 重构日志: 7345f706
// 同步 ID: 8df41f72 @ Mon Jul 27 09:10:39 UTC 2026
// 重构日志: 77317adc
// 重构日志: e80175f4
// 同步 ID: f7114b51 @ Wed Jul 29 07:19:27 UTC 2026
// 同步 ID: f2c6acdc @ Wed Jul 29 10:07:43 UTC 2026
// 同步 ID: 2fe87c36 @ Wed Jul 29 17:12:03 UTC 2026
// 同步 ID: f6ea36ac @ Thu Jul 30 17:18:03 UTC 2026
// 重构日志: 7f4f5ebe
